// Jest Snapshot v1, https://goo.gl/fbAQLP

exports[`Component: AdminView should match its empty snapshot 1`] = `
<div>
  <Button
    active={false}
    block={false}
    bsClass="btn"
    bsSize="small"
    bsStyle="primary"
    className="admin-change-user-button"
    disabled={false}
    onClick={[Function]}
  >
    Sign In as a Different User
  </Button>
  <div
    className="admin-header group"
  >
    <h3
      className="welcome-header"
    >
      Welcome to Your Inbox!
    </h3>
    <h4>
      You can view and respond to user messages here.
    </h4>
  </div>
  <ul
    className="user-message-ul"
  >
    <Message
      key="1"
      message={
        Object {
          "createdAt": 2017-11-30T00:04:40.750Z,
          "first_name": "Jane",
          "id": 1,
          "last_name": "Smith",
          "user_contact": "Test contact info",
          "user_message": "Test message",
          "user_urgency": 3,
        }
      }
      setResponseId={[Function]}
      submitAdminResponse={[Function]}
    />
    <Message
      key="2"
      message={
        Object {
          "createdAt": 2017-11-30T00:04:40.750Z,
          "first_name": "Lady",
          "id": 2,
          "last_name": "Person",
          "user_contact": "Test contact info 2",
          "user_message": "Test message 2",
          "user_urgency": 1,
        }
      }
      setResponseId={[Function]}
      submitAdminResponse={[Function]}
    />
  </ul>
</div>
`;

exports[`Component: Response should match its empty snapshot 1`] = `
<FormGroup
  bsClass="form-group"
>
  <div>
    Respond to 
    Brad Pitt
    's message:
  </div>
  <FormControl
    bsClass="form-control"
    componentClass="textarea"
    onChange={[Function]}
    placeholder="Response..."
    type="text"
  />
  <br />
  <Button
    active={false}
    block={false}
    bsClass="btn"
    bsStyle="primary"
    disabled={false}
    onClick={[Function]}
  >
    Submit Response
  </Button>
</FormGroup>
`;
