// Jest Snapshot v1, https://goo.gl/fbAQLP

exports[`Component: Board should match its empty snapshot 1`] = `
<div>
  <div
    className="board-row"
  >
    <Square
      line={false}
      onClick={[Function]}
      value={null}
    />
    <Square
      line={false}
      onClick={[Function]}
      value={null}
    />
    <Square
      line={false}
      onClick={[Function]}
      value={null}
    />
  </div>
  <div
    className="board-row"
  >
    <Square
      line={false}
      onClick={[Function]}
      value={null}
    />
    <Square
      line={false}
      onClick={[Function]}
      value={null}
    />
    <Square
      line={false}
      onClick={[Function]}
      value={null}
    />
  </div>
  <div
    className="board-row"
  >
    <Square
      line={false}
      onClick={[Function]}
      value={null}
    />
    <Square
      line={false}
      onClick={[Function]}
      value={null}
    />
    <Square
      line={false}
      onClick={[Function]}
      value={null}
    />
  </div>
</div>
`;

exports[`Component: Game should match its empty snapshot 1`] = `
<Container
  tag="div"
>
  <Row
    tag="div"
  >
    <Col
      sm={3}
      tag="div"
      widths={
        Array [
          "xs",
          "sm",
          "md",
          "lg",
          "xl",
        ]
      }
    >
      <Player
        player="╳"
        wins={0}
      />
    </Col>
    <Col
      md={6}
      tag="div"
      widths={
        Array [
          "xs",
          "sm",
          "md",
          "lg",
          "xl",
        ]
      }
    >
      <div
        className="game"
      >
        <div
          className="game-board"
        >
          <div
            className="game-info"
          >
            <div>
              Next player: ╳
            </div>
          </div>
          <Board
            line={null}
            onClick={[Function]}
            squares={
              Array [
                null,
                null,
                null,
                null,
                null,
                null,
                null,
                null,
                null,
              ]
            }
            unlockForms={[Function]}
          />
          <span>
            <button
              onClick={[Function]}
            >
              reset
            </button>
          </span>
        </div>
      </div>
    </Col>
    <Col
      sm={3}
      tag="div"
      widths={
        Array [
          "xs",
          "sm",
          "md",
          "lg",
          "xl",
        ]
      }
    >
      <Player
        player="◯"
        wins={0}
      />
    </Col>
  </Row>
</Container>
`;

exports[`Component: Hot Button should match its empty snapshot 1`] = `
<button
  className="square-pop"
  onClick={[Function]}
>
  X
</button>
`;
